
  .   ____          _            __ _ _
 /\\ / ___'_ __ _ _(_)_ __  __ _ \ \ \ \
( ( )\___ | '_ | '_| | '_ \/ _` | \ \ \ \
 \\/  ___)| |_)| | | | | || (_| |  ) ) ) )
  '  |____| .__|_| |_|_| |_\__, | / / / /
 =========|_|==============|___/=/_/_/_/

 :: Spring Boot ::                (v3.3.4)

2026-09-02T21:34:15.193-03:00  INFO 10637 --- [clientes-service] [           main] c.m.clientes.ClientesServiceApplication  : Starting ClientesServiceApplication v1.0.0-SNAPSHOT using Java 26.0.2 with PID 10637 (/home/leo/Projetos/microservicos-springcloud/clientes-service/target/clientes-service-1.0.0-SNAPSHOT.jar started by leo in /home/leo/Projetos/microservicos-springcloud)
2026-09-02T21:34:15.201-03:00  INFO 10637 --- [clientes-service] [           main] c.m.clientes.ClientesServiceApplication  : No active profile set, falling back to 1 default profile: "default"
2026-09-02T21:34:15.354-03:00  INFO 10637 --- [clientes-service] [           main] o.s.c.c.c.ConfigServerConfigDataLoader   : Fetching config from server at : http://localhost:8888
2026-09-02T21:34:15.355-03:00  INFO 10637 --- [clientes-service] [           main] o.s.c.c.c.ConfigServerConfigDataLoader   : Located environment: name=clientes-service, profiles=[default], label=null, version=null, state=null
2026-09-02T21:34:17.843-03:00  INFO 10637 --- [clientes-service] [           main] .s.d.r.c.RepositoryConfigurationDelegate : Bootstrapping Spring Data JPA repositories in DEFAULT mode.
2026-09-02T21:34:18.170-03:00  INFO 10637 --- [clientes-service] [           main] .s.d.r.c.RepositoryConfigurationDelegate : Finished Spring Data repository scanning in 309 ms. Found 1 JPA repository interface.
2026-09-02T21:34:18.666-03:00  INFO 10637 --- [clientes-service] [           main] o.s.cloud.context.scope.GenericScope     : BeanFactory id=62618413-bef1-383e-ac17-0d05e74752b5
2026-09-02T21:34:19.487-03:00  WARN 10637 --- [clientes-service] [           main] trationDelegate$BeanPostProcessorChecker : Bean 'org.springframework.cloud.client.loadbalancer.LoadBalancerAutoConfiguration$DeferringLoadBalancerInterceptorConfig' of type [org.springframework.cloud.client.loadbalancer.LoadBalancerAutoConfiguration$DeferringLoadBalancerInterceptorConfig] is not eligible for getting processed by all BeanPostProcessors (for example: not eligible for auto-proxying). The currently created BeanPostProcessor [lbRestClientPostProcessor] is declared through a non-static factory method on that class; consider declaring it as static instead.
2026-09-02T21:34:19.498-03:00  WARN 10637 --- [clientes-service] [           main] trationDelegate$BeanPostProcessorChecker : Bean 'deferringLoadBalancerInterceptor' of type [org.springframework.cloud.client.loadbalancer.DeferringLoadBalancerInterceptor] is not eligible for getting processed by all BeanPostProcessors (for example: not eligible for auto-proxying). Is this bean getting eagerly injected into a currently created BeanPostProcessor [lbRestClientPostProcessor]? Check the corresponding BeanPostProcessor declaration and its dependencies.
WARNING: A restricted method in java.lang.System has been called
WARNING: java.lang.System::load has been called by org.apache.tomcat.jni.Library in an unnamed module (jar:nested:/home/leo/Projetos/microservicos-springcloud/clientes-service/target/clientes-service-1.0.0-SNAPSHOT.jar/!BOOT-INF/lib/tomcat-embed-core-10.1.30.jar!/)
WARNING: Use --enable-native-access=ALL-UNNAMED to avoid a warning for callers in this module
WARNING: Restricted methods will be blocked in a future release unless native access is enabled

2026-09-02T21:34:20.091-03:00  INFO 10637 --- [clientes-service] [           main] o.s.b.w.embedded.tomcat.TomcatWebServer  : Tomcat initialized with port 8082 (http)
2026-09-02T21:34:20.122-03:00  INFO 10637 --- [clientes-service] [           main] o.apache.catalina.core.StandardService   : Starting service [Tomcat]
2026-09-02T21:34:20.123-03:00  INFO 10637 --- [clientes-service] [           main] o.apache.catalina.core.StandardEngine    : Starting Servlet engine: [Apache Tomcat/10.1.30]
2026-09-02T21:34:20.179-03:00  INFO 10637 --- [clientes-service] [           main] o.a.c.c.C.[Tomcat].[localhost].[/]       : Initializing Spring embedded WebApplicationContext
2026-09-02T21:34:20.180-03:00  INFO 10637 --- [clientes-service] [           main] w.s.c.ServletWebServerApplicationContext : Root WebApplicationContext: initialization completed in 4819 ms
2026-09-02T21:34:20.495-03:00  INFO 10637 --- [clientes-service] [           main] com.zaxxer.hikari.HikariDataSource       : HikariPool-1 - Starting...
2026-09-02T21:34:20.849-03:00  INFO 10637 --- [clientes-service] [           main] com.zaxxer.hikari.pool.HikariPool        : HikariPool-1 - Added connection conn0: url=jdbc:h2:mem:clientesdb user=SA
2026-09-02T21:34:20.853-03:00  INFO 10637 --- [clientes-service] [           main] com.zaxxer.hikari.HikariDataSource       : HikariPool-1 - Start completed.
2026-09-02T21:34:20.880-03:00  INFO 10637 --- [clientes-service] [           main] o.s.b.a.h2.H2ConsoleAutoConfiguration    : H2 console available at '/h2-console'. Database available at 'jdbc:h2:mem:clientesdb'
2026-09-02T21:34:21.447-03:00  INFO 10637 --- [clientes-service] [           main] o.hibernate.jpa.internal.util.LogHelper  : HHH000204: Processing PersistenceUnitInfo [name: default]
2026-09-02T21:34:21.587-03:00  INFO 10637 --- [clientes-service] [           main] org.hibernate.Version                    : HHH000412: Hibernate ORM core version 6.5.3.Final
2026-09-02T21:34:21.654-03:00  INFO 10637 --- [clientes-service] [           main] o.h.c.internal.RegionFactoryInitiator    : HHH000026: Second-level cache disabled
2026-09-02T21:34:22.197-03:00  INFO 10637 --- [clientes-service] [           main] o.s.o.j.p.SpringPersistenceUnitInfo      : No LoadTimeWeaver setup: ignoring JPA class transformer
2026-09-02T21:34:22.267-03:00  WARN 10637 --- [clientes-service] [           main] org.hibernate.orm.deprecation            : HHH90000025: H2Dialect does not need to be specified explicitly using 'hibernate.dialect' (remove the property setting and it will be selected by default)
2026-09-02T21:34:23.600-03:00  INFO 10637 --- [clientes-service] [           main] o.h.e.t.j.p.i.JtaPlatformInitiator       : HHH000489: No JTA platform available (set 'hibernate.transaction.jta.platform' to enable JTA platform integration)
Hibernate: drop table if exists clientes cascade 
Hibernate: create table clientes (cpf varchar(255) not null, nome varchar(255) not null, primary key (cpf))
2026-09-02T21:34:23.665-03:00  INFO 10637 --- [clientes-service] [           main] j.LocalContainerEntityManagerFactoryBean : Initialized JPA EntityManagerFactory for persistence unit 'default'
2026-09-02T21:34:24.577-03:00  WARN 10637 --- [clientes-service] [           main] JpaBaseConfiguration$JpaWebConfiguration : spring.jpa.open-in-view is enabled by default. Therefore, database queries may be performed during view rendering. Explicitly configure spring.jpa.open-in-view to disable this warning
2026-09-02T21:34:26.216-03:00  INFO 10637 --- [clientes-service] [           main] DiscoveryClientOptionalArgsConfiguration : Eureka HTTP Client uses RestTemplate.
2026-09-02T21:34:26.391-03:00  WARN 10637 --- [clientes-service] [           main] iguration$LoadBalancerCaffeineWarnLogger : Spring Cloud LoadBalancer is currently working with the default cache. While this cache implementation is useful for development and tests, it's recommended to use Caffeine cache in production.You can switch to using Caffeine cache, by adding it and org.springframework.cache.caffeine.CaffeineCacheManager to the classpath.
2026-09-02T21:34:26.425-03:00  INFO 10637 --- [clientes-service] [           main] o.s.b.a.e.web.EndpointLinksResolver      : Exposing 2 endpoints beneath base path '/actuator'
2026-09-02T21:34:26.609-03:00  INFO 10637 --- [clientes-service] [           main] o.s.c.n.eureka.InstanceInfoFactory       : Setting initial instance status as: STARTING
2026-09-02T21:34:26.677-03:00  INFO 10637 --- [clientes-service] [           main] com.netflix.discovery.DiscoveryClient    : Initializing Eureka in region us-east-1
2026-09-02T21:34:26.688-03:00  INFO 10637 --- [clientes-service] [           main] c.n.d.s.r.aws.ConfigClusterResolver      : Resolving eureka endpoints via configuration
2026-09-02T21:34:26.706-03:00  INFO 10637 --- [clientes-service] [           main] com.netflix.discovery.DiscoveryClient    : Disable delta property : false
2026-09-02T21:34:26.707-03:00  INFO 10637 --- [clientes-service] [           main] com.netflix.discovery.DiscoveryClient    : Single vip registry refresh property : null
2026-09-02T21:34:26.707-03:00  INFO 10637 --- [clientes-service] [           main] com.netflix.discovery.DiscoveryClient    : Force full registry fetch : false
2026-09-02T21:34:26.707-03:00  INFO 10637 --- [clientes-service] [           main] com.netflix.discovery.DiscoveryClient    : Application is null : false
2026-09-02T21:34:26.707-03:00  INFO 10637 --- [clientes-service] [           main] com.netflix.discovery.DiscoveryClient    : Registered Applications size is zero : true
2026-09-02T21:34:26.707-03:00  INFO 10637 --- [clientes-service] [           main] com.netflix.discovery.DiscoveryClient    : Application version is -1: true
2026-09-02T21:34:26.707-03:00  INFO 10637 --- [clientes-service] [           main] com.netflix.discovery.DiscoveryClient    : Getting all instance registry info from the eureka server
2026-09-02T21:34:27.748-03:00  INFO 10637 --- [clientes-service] [           main] com.netflix.discovery.DiscoveryClient    : The response status is 200
2026-09-02T21:34:27.750-03:00  INFO 10637 --- [clientes-service] [           main] com.netflix.discovery.DiscoveryClient    : Starting heartbeat executor: renew interval is: 30
2026-09-02T21:34:27.756-03:00  INFO 10637 --- [clientes-service] [           main] c.n.discovery.InstanceInfoReplicator     : InstanceInfoReplicator onDemand update allowed rate per min is 4
2026-09-02T21:34:27.759-03:00  INFO 10637 --- [clientes-service] [           main] com.netflix.discovery.DiscoveryClient    : Discovery Client initialized at timestamp 1788395667758 with initial instances count: 0
2026-09-02T21:34:27.775-03:00  INFO 10637 --- [clientes-service] [           main] o.s.c.n.e.s.EurekaServiceRegistry        : Registering application CLIENTES-SERVICE with eureka with status UP
2026-09-02T21:34:27.777-03:00  INFO 10637 --- [clientes-service] [           main] com.netflix.discovery.DiscoveryClient    : Saw local status change event StatusChangeEvent [timestamp=1788395667776, current=UP, previous=STARTING]
2026-09-02T21:34:27.780-03:00  INFO 10637 --- [clientes-service] [foReplicator-%d] com.netflix.discovery.DiscoveryClient    : DiscoveryClient_CLIENTES-SERVICE/archlinux:clientes-service:8082: registering service...
2026-09-02T21:34:27.810-03:00  INFO 10637 --- [clientes-service] [           main] o.s.b.w.embedded.tomcat.TomcatWebServer  : Tomcat started on port 8082 (http) with context path '/'
2026-09-02T21:34:27.812-03:00  INFO 10637 --- [clientes-service] [           main] .s.c.n.e.s.EurekaAutoServiceRegistration : Updating port to 8082
2026-09-02T21:34:27.851-03:00  INFO 10637 --- [clientes-service] [           main] c.m.clientes.ClientesServiceApplication  : Started ClientesServiceApplication in 14.885 seconds (process running for 15.957)
2026-09-02T21:34:28.101-03:00  INFO 10637 --- [clientes-service] [foReplicator-%d] com.netflix.discovery.DiscoveryClient    : DiscoveryClient_CLIENTES-SERVICE/archlinux:clientes-service:8082 - registration status: 204

  .   ____          _            __ _ _
 /\\ / ___'_ __ _ _(_)_ __  __ _ \ \ \ \
( ( )\___ | '_ | '_| | '_ \/ _` | \ \ \ \
 \\/  ___)| |_)| | | | | || (_| |  ) ) ) )
  '  |____| .__|_| |_|_| |_\__, | / / / /
 =========|_|==============|___/=/_/_/_/

 :: Spring Boot ::                (v3.3.4)

2026-09-02T21:36:56.995-03:00  INFO 11718 --- [clientes-service] [           main] c.m.clientes.ClientesServiceApplication  : Starting ClientesServiceApplication v1.0.0-SNAPSHOT using Java 26.0.2 with PID 11718 (/home/leo/Projetos/microservicos-springcloud/clientes-service/target/clientes-service-1.0.0-SNAPSHOT.jar started by leo in /home/leo/Projetos/microservicos-springcloud)
2026-09-02T21:36:57.005-03:00  INFO 11718 --- [clientes-service] [           main] c.m.clientes.ClientesServiceApplication  : No active profile set, falling back to 1 default profile: "default"
2026-09-02T21:36:57.257-03:00  INFO 11718 --- [clientes-service] [           main] o.s.c.c.c.ConfigServerConfigDataLoader   : Fetching config from server at : http://localhost:8888
2026-09-02T21:36:57.258-03:00  INFO 11718 --- [clientes-service] [           main] o.s.c.c.c.ConfigServerConfigDataLoader   : Located environment: name=clientes-service, profiles=[default], label=null, version=null, state=null
2026-09-02T21:37:00.745-03:00  INFO 11718 --- [clientes-service] [           main] .s.d.r.c.RepositoryConfigurationDelegate : Bootstrapping Spring Data JPA repositories in DEFAULT mode.
2026-09-02T21:37:01.328-03:00  INFO 11718 --- [clientes-service] [           main] .s.d.r.c.RepositoryConfigurationDelegate : Finished Spring Data repository scanning in 548 ms. Found 1 JPA repository interface.
2026-09-02T21:37:02.323-03:00  INFO 11718 --- [clientes-service] [           main] o.s.cloud.context.scope.GenericScope     : BeanFactory id=62618413-bef1-383e-ac17-0d05e74752b5
2026-09-02T21:37:03.485-03:00  WARN 11718 --- [clientes-service] [           main] trationDelegate$BeanPostProcessorChecker : Bean 'org.springframework.cloud.client.loadbalancer.LoadBalancerAutoConfiguration$DeferringLoadBalancerInterceptorConfig' of type [org.springframework.cloud.client.loadbalancer.LoadBalancerAutoConfiguration$DeferringLoadBalancerInterceptorConfig] is not eligible for getting processed by all BeanPostProcessors (for example: not eligible for auto-proxying). The currently created BeanPostProcessor [lbRestClientPostProcessor] is declared through a non-static factory method on that class; consider declaring it as static instead.
2026-09-02T21:37:03.490-03:00  WARN 11718 --- [clientes-service] [           main] trationDelegate$BeanPostProcessorChecker : Bean 'deferringLoadBalancerInterceptor' of type [org.springframework.cloud.client.loadbalancer.DeferringLoadBalancerInterceptor] is not eligible for getting processed by all BeanPostProcessors (for example: not eligible for auto-proxying). Is this bean getting eagerly injected into a currently created BeanPostProcessor [lbRestClientPostProcessor]? Check the corresponding BeanPostProcessor declaration and its dependencies.
WARNING: A restricted method in java.lang.System has been called
WARNING: java.lang.System::load has been called by org.apache.tomcat.jni.Library in an unnamed module (jar:nested:/home/leo/Projetos/microservicos-springcloud/clientes-service/target/clientes-service-1.0.0-SNAPSHOT.jar/!BOOT-INF/lib/tomcat-embed-core-10.1.30.jar!/)
WARNING: Use --enable-native-access=ALL-UNNAMED to avoid a warning for callers in this module
WARNING: Restricted methods will be blocked in a future release unless native access is enabled

2026-09-02T21:37:04.393-03:00  INFO 11718 --- [clientes-service] [           main] o.s.b.w.embedded.tomcat.TomcatWebServer  : Tomcat initialized with port 8082 (http)
2026-09-02T21:37:04.433-03:00  INFO 11718 --- [clientes-service] [           main] o.apache.catalina.core.StandardService   : Starting service [Tomcat]
2026-09-02T21:37:04.434-03:00  INFO 11718 --- [clientes-service] [           main] o.apache.catalina.core.StandardEngine    : Starting Servlet engine: [Apache Tomcat/10.1.30]
2026-09-02T21:37:04.546-03:00  INFO 11718 --- [clientes-service] [           main] o.a.c.c.C.[Tomcat].[localhost].[/]       : Initializing Spring embedded WebApplicationContext
2026-09-02T21:37:04.548-03:00  INFO 11718 --- [clientes-service] [           main] w.s.c.ServletWebServerApplicationContext : Root WebApplicationContext: initialization completed in 7284 ms
2026-09-02T21:37:05.030-03:00  INFO 11718 --- [clientes-service] [           main] com.zaxxer.hikari.HikariDataSource       : HikariPool-1 - Starting...
2026-09-02T21:37:05.604-03:00  INFO 11718 --- [clientes-service] [           main] com.zaxxer.hikari.pool.HikariPool        : HikariPool-1 - Added connection conn0: url=jdbc:h2:mem:clientesdb user=SA
2026-09-02T21:37:05.611-03:00  INFO 11718 --- [clientes-service] [           main] com.zaxxer.hikari.HikariDataSource       : HikariPool-1 - Start completed.
2026-09-02T21:37:05.648-03:00  INFO 11718 --- [clientes-service] [           main] o.s.b.a.h2.H2ConsoleAutoConfiguration    : H2 console available at '/h2-console'. Database available at 'jdbc:h2:mem:clientesdb'
2026-09-02T21:37:06.472-03:00  INFO 11718 --- [clientes-service] [           main] o.hibernate.jpa.internal.util.LogHelper  : HHH000204: Processing PersistenceUnitInfo [name: default]
2026-09-02T21:37:06.695-03:00  INFO 11718 --- [clientes-service] [           main] org.hibernate.Version                    : HHH000412: Hibernate ORM core version 6.5.3.Final
2026-09-02T21:37:06.790-03:00  INFO 11718 --- [clientes-service] [           main] o.h.c.internal.RegionFactoryInitiator    : HHH000026: Second-level cache disabled
2026-09-02T21:37:07.460-03:00  INFO 11718 --- [clientes-service] [           main] o.s.o.j.p.SpringPersistenceUnitInfo      : No LoadTimeWeaver setup: ignoring JPA class transformer
2026-09-02T21:37:07.595-03:00  WARN 11718 --- [clientes-service] [           main] org.hibernate.orm.deprecation            : HHH90000025: H2Dialect does not need to be specified explicitly using 'hibernate.dialect' (remove the property setting and it will be selected by default)
2026-09-02T21:37:09.405-03:00  INFO 11718 --- [clientes-service] [           main] o.h.e.t.j.p.i.JtaPlatformInitiator       : HHH000489: No JTA platform available (set 'hibernate.transaction.jta.platform' to enable JTA platform integration)
Hibernate: drop table if exists clientes cascade 
Hibernate: create table clientes (cpf varchar(255) not null, nome varchar(255) not null, primary key (cpf))
2026-09-02T21:37:09.470-03:00  INFO 11718 --- [clientes-service] [           main] j.LocalContainerEntityManagerFactoryBean : Initialized JPA EntityManagerFactory for persistence unit 'default'
2026-09-02T21:37:10.287-03:00  WARN 11718 --- [clientes-service] [           main] JpaBaseConfiguration$JpaWebConfiguration : spring.jpa.open-in-view is enabled by default. Therefore, database queries may be performed during view rendering. Explicitly configure spring.jpa.open-in-view to disable this warning
2026-09-02T21:37:12.014-03:00  INFO 11718 --- [clientes-service] [           main] DiscoveryClientOptionalArgsConfiguration : Eureka HTTP Client uses RestTemplate.
2026-09-02T21:37:12.152-03:00  WARN 11718 --- [clientes-service] [           main] iguration$LoadBalancerCaffeineWarnLogger : Spring Cloud LoadBalancer is currently working with the default cache. While this cache implementation is useful for development and tests, it's recommended to use Caffeine cache in production.You can switch to using Caffeine cache, by adding it and org.springframework.cache.caffeine.CaffeineCacheManager to the classpath.
2026-09-02T21:37:12.174-03:00  INFO 11718 --- [clientes-service] [           main] o.s.b.a.e.web.EndpointLinksResolver      : Exposing 2 endpoints beneath base path '/actuator'
2026-09-02T21:37:12.360-03:00  INFO 11718 --- [clientes-service] [           main] o.s.c.n.eureka.InstanceInfoFactory       : Setting initial instance status as: STARTING
2026-09-02T21:37:12.425-03:00  INFO 11718 --- [clientes-service] [           main] com.netflix.discovery.DiscoveryClient    : Initializing Eureka in region us-east-1
2026-09-02T21:37:12.435-03:00  INFO 11718 --- [clientes-service] [           main] c.n.d.s.r.aws.ConfigClusterResolver      : Resolving eureka endpoints via configuration
2026-09-02T21:37:12.457-03:00  INFO 11718 --- [clientes-service] [           main] com.netflix.discovery.DiscoveryClient    : Disable delta property : false
2026-09-02T21:37:12.458-03:00  INFO 11718 --- [clientes-service] [           main] com.netflix.discovery.DiscoveryClient    : Single vip registry refresh property : null
2026-09-02T21:37:12.458-03:00  INFO 11718 --- [clientes-service] [           main] com.netflix.discovery.DiscoveryClient    : Force full registry fetch : false
2026-09-02T21:37:12.458-03:00  INFO 11718 --- [clientes-service] [           main] com.netflix.discovery.DiscoveryClient    : Application is null : false
2026-09-02T21:37:12.458-03:00  INFO 11718 --- [clientes-service] [           main] com.netflix.discovery.DiscoveryClient    : Registered Applications size is zero : true
2026-09-02T21:37:12.459-03:00  INFO 11718 --- [clientes-service] [           main] com.netflix.discovery.DiscoveryClient    : Application version is -1: true
2026-09-02T21:37:12.459-03:00  INFO 11718 --- [clientes-service] [           main] com.netflix.discovery.DiscoveryClient    : Getting all instance registry info from the eureka server
2026-09-02T21:37:13.117-03:00  INFO 11718 --- [clientes-service] [           main] com.netflix.discovery.DiscoveryClient    : The response status is 200
2026-09-02T21:37:13.119-03:00  INFO 11718 --- [clientes-service] [           main] com.netflix.discovery.DiscoveryClient    : Starting heartbeat executor: renew interval is: 30
2026-09-02T21:37:13.126-03:00  INFO 11718 --- [clientes-service] [           main] c.n.discovery.InstanceInfoReplicator     : InstanceInfoReplicator onDemand update allowed rate per min is 4
2026-09-02T21:37:13.128-03:00  INFO 11718 --- [clientes-service] [           main] com.netflix.discovery.DiscoveryClient    : Discovery Client initialized at timestamp 1788395833128 with initial instances count: 0
2026-09-02T21:37:13.139-03:00  INFO 11718 --- [clientes-service] [           main] o.s.c.n.e.s.EurekaServiceRegistry        : Registering application CLIENTES-SERVICE with eureka with status UP
2026-09-02T21:37:13.141-03:00  INFO 11718 --- [clientes-service] [           main] com.netflix.discovery.DiscoveryClient    : Saw local status change event StatusChangeEvent [timestamp=1788395833141, current=UP, previous=STARTING]
2026-09-02T21:37:13.144-03:00  INFO 11718 --- [clientes-service] [foReplicator-%d] com.netflix.discovery.DiscoveryClient    : DiscoveryClient_CLIENTES-SERVICE/archlinux:clientes-service:8082: registering service...
2026-09-02T21:37:13.166-03:00  INFO 11718 --- [clientes-service] [           main] o.s.b.w.embedded.tomcat.TomcatWebServer  : Tomcat started on port 8082 (http) with context path '/'
2026-09-02T21:37:13.168-03:00  INFO 11718 --- [clientes-service] [           main] .s.c.n.e.s.EurekaAutoServiceRegistration : Updating port to 8082
2026-09-02T21:37:13.199-03:00  INFO 11718 --- [clientes-service] [           main] c.m.clientes.ClientesServiceApplication  : Started ClientesServiceApplication in 20.072 seconds (process running for 21.893)
2026-09-02T21:37:13.219-03:00  INFO 11718 --- [clientes-service] [foReplicator-%d] com.netflix.discovery.DiscoveryClient    : DiscoveryClient_CLIENTES-SERVICE/archlinux:clientes-service:8082 - registration status: 204
2026-09-02T21:37:43.121-03:00  INFO 11718 --- [clientes-service] [reshExecutor-%d] com.netflix.discovery.DiscoveryClient    : Disable delta property : false
2026-09-02T21:37:43.122-03:00  INFO 11718 --- [clientes-service] [reshExecutor-%d] com.netflix.discovery.DiscoveryClient    : Single vip registry refresh property : null
2026-09-02T21:37:43.122-03:00  INFO 11718 --- [clientes-service] [reshExecutor-%d] com.netflix.discovery.DiscoveryClient    : Force full registry fetch : false
2026-09-02T21:37:43.123-03:00  INFO 11718 --- [clientes-service] [reshExecutor-%d] com.netflix.discovery.DiscoveryClient    : Application is null : false
2026-09-02T21:37:43.123-03:00  INFO 11718 --- [clientes-service] [reshExecutor-%d] com.netflix.discovery.DiscoveryClient    : Registered Applications size is zero : true
2026-09-02T21:37:43.123-03:00  INFO 11718 --- [clientes-service] [reshExecutor-%d] com.netflix.discovery.DiscoveryClient    : Application version is -1: false
2026-09-02T21:37:43.123-03:00  INFO 11718 --- [clientes-service] [reshExecutor-%d] com.netflix.discovery.DiscoveryClient    : Getting all instance registry info from the eureka server
2026-09-02T21:37:43.174-03:00  INFO 11718 --- [clientes-service] [reshExecutor-%d] com.netflix.discovery.DiscoveryClient    : The response status is 200
