Standard Commons Logging discovery in action with spring-jcl: please remove commons-logging.jar from classpath in order to avoid potential conflicts

  .   ____          _            __ _ _
 /\\ / ___'_ __ _ _(_)_ __  __ _ \ \ \ \
( ( )\___ | '_ | '_| | '_ \/ _` | \ \ \ \
 \\/  ___)| |_)| | | | | || (_| |  ) ) ) )
  '  |____| .__|_| |_|_| |_\__, | / / / /
 =========|_|==============|___/=/_/_/_/

 :: Spring Boot ::                (v3.3.4)

2026-09-02T21:30:13.600-03:00  INFO 9077 --- [eureka-server] [           main] c.m.e.EurekaServerApplication            : Starting EurekaServerApplication v1.0.0-SNAPSHOT using Java 26.0.2 with PID 9077 (/home/leo/Projetos/microservicos-springcloud/eureka-server/target/eureka-server-1.0.0-SNAPSHOT.jar started by leo in /home/leo/Projetos/microservicos-springcloud)
2026-09-02T21:30:13.604-03:00  INFO 9077 --- [eureka-server] [           main] c.m.e.EurekaServerApplication            : No active profile set, falling back to 1 default profile: "default"
2026-09-02T21:30:15.278-03:00  INFO 9077 --- [eureka-server] [           main] o.s.cloud.context.scope.GenericScope     : BeanFactory id=d15412a2-dedd-38bc-86c9-0f5a35ebb0de
2026-09-02T21:30:15.412-03:00  WARN 9077 --- [eureka-server] [           main] trationDelegate$BeanPostProcessorChecker : Bean 'org.springframework.cloud.client.loadbalancer.LoadBalancerAutoConfiguration$DeferringLoadBalancerInterceptorConfig' of type [org.springframework.cloud.client.loadbalancer.LoadBalancerAutoConfiguration$DeferringLoadBalancerInterceptorConfig] is not eligible for getting processed by all BeanPostProcessors (for example: not eligible for auto-proxying). The currently created BeanPostProcessor [lbRestClientPostProcessor] is declared through a non-static factory method on that class; consider declaring it as static instead.
2026-09-02T21:30:15.419-03:00  WARN 9077 --- [eureka-server] [           main] trationDelegate$BeanPostProcessorChecker : Bean 'deferringLoadBalancerInterceptor' of type [org.springframework.cloud.client.loadbalancer.DeferringLoadBalancerInterceptor] is not eligible for getting processed by all BeanPostProcessors (for example: not eligible for auto-proxying). Is this bean getting eagerly injected into a currently created BeanPostProcessor [lbRestClientPostProcessor]? Check the corresponding BeanPostProcessor declaration and its dependencies.
WARNING: A restricted method in java.lang.System has been called
WARNING: java.lang.System::load has been called by org.apache.tomcat.jni.Library in an unnamed module (jar:nested:/home/leo/Projetos/microservicos-springcloud/eureka-server/target/eureka-server-1.0.0-SNAPSHOT.jar/!BOOT-INF/lib/tomcat-embed-core-10.1.30.jar!/)
WARNING: Use --enable-native-access=ALL-UNNAMED to avoid a warning for callers in this module
WARNING: Restricted methods will be blocked in a future release unless native access is enabled

2026-09-02T21:30:15.991-03:00  INFO 9077 --- [eureka-server] [           main] o.s.b.w.embedded.tomcat.TomcatWebServer  : Tomcat initialized with port 8761 (http)
2026-09-02T21:30:16.022-03:00  INFO 9077 --- [eureka-server] [           main] o.apache.catalina.core.StandardService   : Starting service [Tomcat]
2026-09-02T21:30:16.023-03:00  INFO 9077 --- [eureka-server] [           main] o.apache.catalina.core.StandardEngine    : Starting Servlet engine: [Apache Tomcat/10.1.30]
2026-09-02T21:30:16.102-03:00  INFO 9077 --- [eureka-server] [           main] o.a.c.c.C.[Tomcat].[localhost].[/]       : Initializing Spring embedded WebApplicationContext
2026-09-02T21:30:16.104-03:00  INFO 9077 --- [eureka-server] [           main] w.s.c.ServletWebServerApplicationContext : Root WebApplicationContext: initialization completed in 2411 ms
Standard Commons Logging discovery in action with spring-jcl: please remove commons-logging.jar from classpath in order to avoid potential conflicts
WARNING: Final field objectReaderByClass in class com.netflix.discovery.converters.EurekaJacksonCodec has been mutated reflectively by class org.springframework.util.ReflectionUtils in unnamed module @1460a8c0 (jar:nested:/home/leo/Projetos/microservicos-springcloud/eureka-server/target/eureka-server-1.0.0-SNAPSHOT.jar/!BOOT-INF/lib/spring-core-6.1.13.jar!/)
WARNING: Use --enable-final-field-mutation=ALL-UNNAMED to avoid a warning
WARNING: Mutating final fields will be blocked in a future release unless final field mutation is enabled
2026-09-02T21:30:18.317-03:00  INFO 9077 --- [eureka-server] [           main] c.n.d.provider.DiscoveryJerseyProvider   : Using JSON encoding codec LegacyJacksonJson
2026-09-02T21:30:18.319-03:00  INFO 9077 --- [eureka-server] [           main] c.n.d.provider.DiscoveryJerseyProvider   : Using JSON decoding codec LegacyJacksonJson
WARNING: A terminally deprecated method in sun.misc.Unsafe has been called
WARNING: sun.misc.Unsafe::objectFieldOffset has been called by com.thoughtworks.xstream.converters.reflection.SunUnsafeReflectionProvider (jar:nested:/home/leo/Projetos/microservicos-springcloud/eureka-server/target/eureka-server-1.0.0-SNAPSHOT.jar/!BOOT-INF/lib/xstream-1.4.20.jar!/)
WARNING: Please consider reporting this to the maintainers of class com.thoughtworks.xstream.converters.reflection.SunUnsafeReflectionProvider
WARNING: sun.misc.Unsafe::objectFieldOffset will be removed in a future release
2026-09-02T21:30:19.082-03:00  INFO 9077 --- [eureka-server] [           main] c.n.d.provider.DiscoveryJerseyProvider   : Using XML encoding codec XStreamXml
2026-09-02T21:30:19.082-03:00  INFO 9077 --- [eureka-server] [           main] c.n.d.provider.DiscoveryJerseyProvider   : Using XML decoding codec XStreamXml
2026-09-02T21:30:21.445-03:00  WARN 9077 --- [eureka-server] [           main] iguration$LoadBalancerCaffeineWarnLogger : Spring Cloud LoadBalancer is currently working with the default cache. While this cache implementation is useful for development and tests, it's recommended to use Caffeine cache in production.You can switch to using Caffeine cache, by adding it and org.springframework.cache.caffeine.CaffeineCacheManager to the classpath.
2026-09-02T21:30:21.517-03:00  INFO 9077 --- [eureka-server] [           main] o.s.c.n.eureka.InstanceInfoFactory       : Setting initial instance status as: STARTING
2026-09-02T21:30:21.566-03:00  INFO 9077 --- [eureka-server] [           main] com.netflix.discovery.DiscoveryClient    : Initializing Eureka in region us-east-1
2026-09-02T21:30:21.567-03:00  INFO 9077 --- [eureka-server] [           main] com.netflix.discovery.DiscoveryClient    : Client configured to neither register nor query for data.
2026-09-02T21:30:21.574-03:00  INFO 9077 --- [eureka-server] [           main] com.netflix.discovery.DiscoveryClient    : Discovery Client initialized at timestamp 1788395421571 with initial instances count: 0
2026-09-02T21:30:21.667-03:00  INFO 9077 --- [eureka-server] [           main] c.n.eureka.DefaultEurekaServerContext    : Initializing ...
2026-09-02T21:30:21.672-03:00  WARN 9077 --- [eureka-server] [           main] c.n.eureka.cluster.PeerEurekaNodes       : The replica size seems to be empty. Check the route 53 DNS Registry
2026-09-02T21:30:21.695-03:00  INFO 9077 --- [eureka-server] [           main] c.n.e.registry.AbstractInstanceRegistry  : Finished initializing remote region registries. All known remote regions: []
2026-09-02T21:30:21.695-03:00  INFO 9077 --- [eureka-server] [           main] c.n.eureka.DefaultEurekaServerContext    : Initialized
2026-09-02T21:30:21.729-03:00  INFO 9077 --- [eureka-server] [           main] o.s.b.a.e.web.EndpointLinksResolver      : Exposing 2 endpoints beneath base path '/actuator'
2026-09-02T21:30:21.845-03:00  INFO 9077 --- [eureka-server] [           main] o.s.c.n.e.s.EurekaServiceRegistry        : Registering application EUREKA-SERVER with eureka with status UP
2026-09-02T21:30:21.879-03:00  INFO 9077 --- [eureka-server] [       Thread-9] o.s.c.n.e.server.EurekaServerBootstrap   : isAws returned false
2026-09-02T21:30:21.880-03:00  INFO 9077 --- [eureka-server] [       Thread-9] o.s.c.n.e.server.EurekaServerBootstrap   : Initialized server context
2026-09-02T21:30:21.880-03:00  INFO 9077 --- [eureka-server] [       Thread-9] c.n.e.r.PeerAwareInstanceRegistryImpl    : Got 1 instances from neighboring DS node
2026-09-02T21:30:21.880-03:00  INFO 9077 --- [eureka-server] [       Thread-9] c.n.e.r.PeerAwareInstanceRegistryImpl    : Renew threshold is: 1
2026-09-02T21:30:21.880-03:00  INFO 9077 --- [eureka-server] [       Thread-9] c.n.e.r.PeerAwareInstanceRegistryImpl    : Changing status to UP
2026-09-02T21:30:21.889-03:00  INFO 9077 --- [eureka-server] [       Thread-9] e.s.EurekaServerInitializerConfiguration : Started Eureka Server
2026-09-02T21:30:21.892-03:00  INFO 9077 --- [eureka-server] [           main] o.s.b.w.embedded.tomcat.TomcatWebServer  : Tomcat started on port 8761 (http) with context path '/'
2026-09-02T21:30:21.895-03:00  INFO 9077 --- [eureka-server] [           main] .s.c.n.e.s.EurekaAutoServiceRegistration : Updating port to 8761
2026-09-02T21:30:21.929-03:00  INFO 9077 --- [eureka-server] [           main] c.m.e.EurekaServerApplication            : Started EurekaServerApplication in 9.109 seconds (process running for 9.969)
2026-09-02T21:30:31.887-03:00  INFO 9077 --- [eureka-server] [nio-8761-exec-3] o.a.c.c.C.[Tomcat].[localhost].[/]       : Initializing Spring DispatcherServlet 'dispatcherServlet'
2026-09-02T21:30:31.887-03:00  INFO 9077 --- [eureka-server] [nio-8761-exec-3] o.s.web.servlet.DispatcherServlet        : Initializing Servlet 'dispatcherServlet'
2026-09-02T21:30:31.889-03:00  INFO 9077 --- [eureka-server] [nio-8761-exec-3] o.s.web.servlet.DispatcherServlet        : Completed initialization in 1 ms
2026-09-02T21:30:32.618-03:00  INFO 9077 --- [eureka-server] [nio-8761-exec-4] c.n.e.registry.AbstractInstanceRegistry  : Registered instance CLIENTES-SERVICE/archlinux:clientes-service:8082 with status UP (replication=false)
2026-09-02T21:30:32.618-03:00  INFO 9077 --- [eureka-server] [nio-8761-exec-6] c.n.e.registry.AbstractInstanceRegistry  : Registered instance REPRESENTANTES-SERVICE/archlinux:representantes-service:8083 with status UP (replication=false)
2026-09-02T21:30:32.619-03:00  INFO 9077 --- [eureka-server] [nio-8761-exec-5] c.n.e.registry.AbstractInstanceRegistry  : Registered instance PECAS-SERVICE/archlinux:pecas-service:8081 with status UP (replication=false)
